[www.einfosoft.com/templates/admin/smart/source/light/index.html]
[backblue.gif]
[fade.gif]
[index.html]
[www.einfosoft.com/templates/admin/smart/source/light/fonts/simple-line-icons/simple-line-icons.min.css]
[www.einfosoft.com/templates/admin/smart/source/light/fonts/font-awesome/css/font-awesome.min.css]
[www.einfosoft.com/templates/admin/smart/source/light/fonts/font-awesome/v6/css/all.css]
[www.einfosoft.com/templates/admin/smart/source/light/fonts/material-design-icons/material-icon.css]
[www.einfosoft.com/templates/admin/smart/source/assets/plugins/bootstrap/css/bootstrap.min.css]
[www.einfosoft.com/templates/admin/smart/source/assets/plugins/summernote/summernote.css]
[www.einfosoft.com/templates/admin/smart/source/assets/plugins/material/material.min.css]
[www.einfosoft.com/templates/admin/smart/source/assets/css/material_style.css]
[www.einfosoft.com/templates/admin/smart/source/assets/css/pages/inbox.min.css]
[www.einfosoft.com/templates/admin/smart/source/assets/css/theme/light/theme_style.css]
[www.einfosoft.com/templates/admin/smart/source/assets/css/plugins.min.css]
[www.einfosoft.com/templates/admin/smart/source/assets/css/theme/light/style.css]
[www.einfosoft.com/templates/admin/smart/source/assets/css/responsive.css]
[www.einfosoft.com/templates/admin/smart/source/assets/css/theme/light/theme-color.css]
[www.einfosoft.com/templates/admin/smart/source/assets/img/flags/gb.png]
[www.einfosoft.com/templates/admin/smart/source/assets/img/flags/de.png]
[www.einfosoft.com/templates/admin/smart/source/assets/img/flags/ua.png]
[www.einfosoft.com/templates/admin/smart/source/assets/img/flags/es.png]
[www.einfosoft.com/templates/admin/smart/source/assets/img/flags/ru.png]
[www.einfosoft.com/templates/admin/smart/source/assets/img/user/user2.jpg]
[www.einfosoft.com/templates/admin/smart/source/assets/img/user/user3.jpg]
[www.einfosoft.com/templates/admin/smart/source/assets/img/user/user1.jpg]
[www.einfosoft.com/templates/admin/smart/source/assets/img/user/user8.jpg]
[www.einfosoft.com/templates/admin/smart/source/assets/img/user/user5.jpg]
[www.einfosoft.com/templates/admin/smart/source/assets/img/dp.jpg]
[www.einfosoft.com/templates/admin/smart/source/light/user_profile.html]
[www.einfosoft.com/templates/admin/smart/source/light/lock_screen.html]
[www.einfosoft.com/templates/admin/smart/source/light/login.html]
[www.einfosoft.com/templates/admin/smart/source/light/dashboard2.html]
[www.einfosoft.com/templates/admin/smart/source/light/dashboard3.html]
[www.einfosoft.com/templates/admin/smart/source/light/event.html]
[www.einfosoft.com/templates/admin/smart/source/light/all_professors.html]
[www.einfosoft.com/templates/admin/smart/source/light/add_professor.html]
[www.einfosoft.com/templates/admin/smart/source/light/add_professor_bootstrap.html]
[www.einfosoft.com/templates/admin/smart/source/light/edit_professor.html]
[www.einfosoft.com/templates/admin/smart/source/light/professor_profile.html]
[www.einfosoft.com/templates/admin/smart/source/light/all_students.html]
[www.einfosoft.com/templates/admin/smart/source/light/add_student.html]
[www.einfosoft.com/templates/admin/smart/source/light/add_student_bootstrap.html]
[www.einfosoft.com/templates/admin/smart/source/light/edit_student.html]
[www.einfosoft.com/templates/admin/smart/source/light/student_profile.html]
[www.einfosoft.com/templates/admin/smart/source/light/all_courses.html]
[www.einfosoft.com/templates/admin/smart/source/light/add_course.html]
[www.einfosoft.com/templates/admin/smart/source/light/add_course_bootstrap.html]
[www.einfosoft.com/templates/admin/smart/source/light/edit_course.html]
[www.einfosoft.com/templates/admin/smart/source/light/course_details.html]
[www.einfosoft.com/templates/admin/smart/source/light/all_assets.html]
[www.einfosoft.com/templates/admin/smart/source/light/add_library.html]
[www.einfosoft.com/templates/admin/smart/source/light/add_library_bootstrap.html]
[www.einfosoft.com/templates/admin/smart/source/light/edit_library.html]
[www.einfosoft.com/templates/admin/smart/source/light/all_department.html]
[www.einfosoft.com/templates/admin/smart/source/light/add_department.html]
[www.einfosoft.com/templates/admin/smart/source/light/add_department_bootstrap.html]
[www.einfosoft.com/templates/admin/smart/source/light/edit_department.html]
[www.einfosoft.com/templates/admin/smart/source/light/all_staffs.html]
[www.einfosoft.com/templates/admin/smart/source/light/add_staff.html]
[www.einfosoft.com/templates/admin/smart/source/light/add_staff_bootstrap.html]
[www.einfosoft.com/templates/admin/smart/source/light/edit_staff.html]
[www.einfosoft.com/templates/admin/smart/source/light/staff_profile.html]
[www.einfosoft.com/templates/admin/smart/source/light/all_holidays.html]
[www.einfosoft.com/templates/admin/smart/source/light/add_holiday.html]
[www.einfosoft.com/templates/admin/smart/source/light/add_holiday_bootstrap.html]
[www.einfosoft.com/templates/admin/smart/source/light/edit_holiday.html]
[www.einfosoft.com/templates/admin/smart/source/light/email_inbox.html]
[www.einfosoft.com/templates/admin/smart/source/light/email_view.html]
[www.einfosoft.com/templates/admin/smart/source/light/email_compose.html]
[www.einfosoft.com/templates/admin/smart/source/light/fees_collection.html]
[www.einfosoft.com/templates/admin/smart/source/light/add_fees.html]
[www.einfosoft.com/templates/admin/smart/source/light/add_fees_bootstrap.html]
[www.einfosoft.com/templates/admin/smart/source/light/fees_receipt.html]
[www.einfosoft.com/templates/admin/smart/source/light/layout_verticle.html]
[www.einfosoft.com/templates/admin/smart/source/light/layout_boxed.html]
[www.einfosoft.com/templates/admin/smart/source/light/layout_collapse.html]
[www.einfosoft.com/templates/admin/smart/source/light/layout_hover_menu.html]
[www.einfosoft.com/templates/admin/smart/source/light/layout_right_sidebar.html]
[www.einfosoft.com/templates/admin/smart/source/light/widget.html]
[www.einfosoft.com/templates/admin/smart/source/light/ui_buttons.html]
[www.einfosoft.com/templates/admin/smart/source/light/ui_sweet_alert.html]
[www.einfosoft.com/templates/admin/smart/source/light/ui_tabs_accordions_navs.html]
[www.einfosoft.com/templates/admin/smart/source/light/ui_typography.html]
[www.einfosoft.com/templates/admin/smart/source/light/notification.html]
[www.einfosoft.com/templates/admin/smart/source/light/ui_icons.html]
[www.einfosoft.com/templates/admin/smart/source/light/ui_panels.html]
[www.einfosoft.com/templates/admin/smart/source/light/ui_grid.html]
[www.einfosoft.com/templates/admin/smart/source/light/ui_tree.html]
[www.einfosoft.com/templates/admin/smart/source/light/ui_carousel.html]
[www.einfosoft.com/templates/admin/smart/source/light/material_button.html]
[www.einfosoft.com/templates/admin/smart/source/light/material_tab.html]
[www.einfosoft.com/templates/admin/smart/source/light/material_chips.html]
[www.einfosoft.com/templates/admin/smart/source/light/material_grid.html]
[www.einfosoft.com/templates/admin/smart/source/light/material_icons.html]
[www.einfosoft.com/templates/admin/smart/source/light/material_form.html]
[www.einfosoft.com/templates/admin/smart/source/light/material_datepicker.html]
[www.einfosoft.com/templates/admin/smart/source/light/material_select.html]
[www.einfosoft.com/templates/admin/smart/source/light/material_loading.html]
[www.einfosoft.com/templates/admin/smart/source/light/material_menu.html]
[www.einfosoft.com/templates/admin/smart/source/light/material_slider.html]
[www.einfosoft.com/templates/admin/smart/source/light/material_tables.html]
[www.einfosoft.com/templates/admin/smart/source/light/material_toggle.html]
[www.einfosoft.com/templates/admin/smart/source/light/material_badges.html]
[www.einfosoft.com/templates/admin/smart/source/light/layouts_form.html]
[www.einfosoft.com/templates/admin/smart/source/light/advance_form.html]
[www.einfosoft.com/templates/admin/smart/source/light/wizard.html]
[www.einfosoft.com/templates/admin/smart/source/light/validation_form.html]
[www.einfosoft.com/templates/admin/smart/source/light/editable_form.html]
[www.einfosoft.com/templates/admin/smart/source/light/basic_table.html]
[www.einfosoft.com/templates/admin/smart/source/light/advanced_table.html]
[www.einfosoft.com/templates/admin/smart/source/light/export_table.html]
[www.einfosoft.com/templates/admin/smart/source/light/child_row_table.html]
[www.einfosoft.com/templates/admin/smart/source/light/group_table.html]
[www.einfosoft.com/templates/admin/smart/source/light/tableData.html]
[www.einfosoft.com/templates/admin/smart/source/light/charts_apexchart.html]
[www.einfosoft.com/templates/admin/smart/source/light/charts_amchart.html]
[www.einfosoft.com/templates/admin/smart/source/light/charts_plotly.html]
[www.einfosoft.com/templates/admin/smart/source/light/charts_echarts.html]
[www.einfosoft.com/templates/admin/smart/source/light/charts_morris.html]
[www.einfosoft.com/templates/admin/smart/source/light/charts_chartjs.html]
[www.einfosoft.com/templates/admin/smart/source/light/google_maps.html]
[www.einfosoft.com/templates/admin/smart/source/light/vector_maps.html]
[www.einfosoft.com/templates/admin/smart/source/light/sign_up.html]
[www.einfosoft.com/templates/admin/smart/source/light/forgot_password.html]
[www.einfosoft.com/templates/admin/smart/source/light/contact.html]
[www.einfosoft.com/templates/admin/smart/source/light/page-404.html]
[www.einfosoft.com/templates/admin/smart/source/light/page-500.html]
[www.einfosoft.com/templates/admin/smart/source/light/blank_page.html]
[www.einfosoft.com/templates/admin/smart/source/assets/img/user/user4.jpg]
[www.einfosoft.com/templates/admin/smart/source/assets/img/user/user6.jpg]
[www.einfosoft.com/templates/admin/smart/source/assets/img/user/user7.jpg]
[www.einfosoft.com/templates/admin/smart/source/assets/img/user/user9.jpg]
[www.einfosoft.com/templates/admin/smart/source/assets/img/user/user10.jpg]
[www.einfosoft.com/templates/admin/smart/source/assets/plugins/jquery/jquery.min.js]
[www.einfosoft.com/templates/admin/smart/source/assets/plugins/popper/popper.js]
[www.einfosoft.com/templates/admin/smart/source/assets/plugins/jquery-blockui/jquery.blockui.min.js]
[www.einfosoft.com/templates/admin/smart/source/assets/plugins/jquery-slimscroll/jquery.slimscroll.js]
[www.einfosoft.com/templates/admin/smart/source/assets/plugins/feather/feather.min.js]
[www.einfosoft.com/templates/admin/smart/source/assets/plugins/bootstrap/js/bootstrap.min.js]
[www.einfosoft.com/templates/admin/smart/source/assets/plugins/bootstrap-switch/js/bootstrap-switch.min.js]
[www.einfosoft.com/templates/admin/smart/source/assets/plugins/sparkline/jquery.sparkline.js]
[www.einfosoft.com/templates/admin/smart/source/assets/js/pages/sparkline/sparkline-data.js]
[www.einfosoft.com/templates/admin/smart/source/assets/js/app.js]
[www.einfosoft.com/templates/admin/smart/source/assets/js/layout.js]
[www.einfosoft.com/templates/admin/smart/source/assets/js/theme-color.js]
[www.einfosoft.com/templates/admin/smart/source/assets/plugins/material/material.min.js]
[www.einfosoft.com/templates/admin/smart/source/assets/plugins/apexcharts/apexcharts.min.js]
[www.einfosoft.com/templates/admin/smart/source/assets/js/pages/chart/apex/home-data.js]
[www.einfosoft.com/templates/admin/smart/source/assets/plugins/summernote/summernote.js]
[www.einfosoft.com/templates/admin/smart/source/assets/js/pages/summernote/summernote-data.js]
[www.einfosoft.com/templates/admin/smart/source/light/index.html]
[www.einfosoft.com/templates/admin/smart/source/light/fonts/simple-line-icons/fonts/Simple-Line-Iconsb26c.eot]
[www.einfosoft.com/templates/admin/smart/source/light/fonts/simple-line-icons/fonts/Simple-Line-Iconsb26c.woff2]
[www.einfosoft.com/templates/admin/smart/source/light/fonts/simple-line-icons/fonts/Simple-Line-Iconsb26c.ttf]
[www.einfosoft.com/templates/admin/smart/source/light/fonts/simple-line-icons/fonts/Simple-Line-Iconsb26c.woff]
[www.einfosoft.com/templates/admin/smart/source/light/fonts/simple-line-icons/simple-line-icons.min.css]
[www.einfosoft.com/templates/admin/smart/source/light/fonts/simple-line-icons/fonts/Simple-Line-Iconsb26c.svg]
[www.einfosoft.com/templates/admin/smart/source/light/fonts/font-awesome/fonts/fontawesome-webfont3e6e.eot]
[www.einfosoft.com/templates/admin/smart/source/light/fonts/font-awesome/fonts/fontawesome-webfontd41d.eot]
[www.einfosoft.com/templates/admin/smart/source/light/fonts/font-awesome/fonts/fontawesome-webfont3e6e.woff2]
[www.einfosoft.com/templates/admin/smart/source/light/fonts/font-awesome/fonts/fontawesome-webfont3e6e.woff]
[www.einfosoft.com/templates/admin/smart/source/light/fonts/font-awesome/fonts/fontawesome-webfont3e6e.ttf]
[www.einfosoft.com/templates/admin/smart/source/light/fonts/font-awesome/css/font-awesome.min.css]
[www.einfosoft.com/templates/admin/smart/source/light/fonts/font-awesome/fonts/fontawesome-webfont3e6e.svg]
[www.einfosoft.com/templates/admin/smart/source/light/fonts/font-awesome/v6/webfonts/fa-brands-400.woff2]
[www.einfosoft.com/templates/admin/smart/source/light/fonts/font-awesome/v6/webfonts/fa-brands-400.ttf]
[www.einfosoft.com/templates/admin/smart/source/light/fonts/font-awesome/v6/webfonts/fa-regular-400.woff2]
[www.einfosoft.com/templates/admin/smart/source/light/fonts/font-awesome/v6/webfonts/fa-regular-400.ttf]
[www.einfosoft.com/templates/admin/smart/source/light/fonts/font-awesome/v6/webfonts/fa-solid-900.woff2]
[www.einfosoft.com/templates/admin/smart/source/light/fonts/font-awesome/v6/webfonts/fa-solid-900.ttf]
[www.einfosoft.com/templates/admin/smart/source/light/fonts/font-awesome/v6/webfonts/fa-v4compatibility.woff2]
[www.einfosoft.com/templates/admin/smart/source/light/fonts/font-awesome/v6/webfonts/fa-v4compatibility.ttf]
[www.einfosoft.com/templates/admin/smart/source/light/fonts/font-awesome/v6/css/all.css]
[www.einfosoft.com/templates/admin/smart/source/light/fonts/material-design-icons/iconfont/MaterialIcons-Regular.eot]
[www.einfosoft.com/templates/admin/smart/source/light/fonts/material-design-icons/iconfont/MaterialIcons-Regular.woff2]
[www.einfosoft.com/templates/admin/smart/source/light/fonts/material-design-icons/iconfont/MaterialIcons-Regular.woff]
[www.einfosoft.com/templates/admin/smart/source/light/fonts/material-design-icons/material-icon.css]
[www.einfosoft.com/templates/admin/smart/source/assets/plugins/bootstrap/css/bootstrap.min.css]
[www.einfosoft.com/templates/admin/smart/source/light/fonts/material-design-icons/iconfont/MaterialIcons-Regular.ttf]
[www.einfosoft.com/templates/admin/smart/source/assets/plugins/summernote/font/summernote.eot]
[www.einfosoft.com/templates/admin/smart/source/assets/plugins/summernote/font/summernoted41d.eot]
[www.einfosoft.com/templates/admin/smart/source/assets/plugins/summernote/font/summernote.woff2]
[www.einfosoft.com/templates/admin/smart/source/assets/plugins/summernote/font/summernote.woff]
[www.einfosoft.com/templates/admin/smart/source/assets/plugins/summernote/font/summernote.ttf]
[www.einfosoft.com/templates/admin/smart/source/assets/plugins/summernote/summernote.css]
[www.einfosoft.com/templates/admin/smart/source/assets/plugins/material/material.min.css]
[www.einfosoft.com/templates/admin/smart/source/assets/css/material_style.css]
[www.einfosoft.com/templates/admin/smart/source/assets/css/pages/inbox.min.css]
[www.einfosoft.com/templates/admin/smart/source/assets/css/theme/light/theme_style.css]
[www.einfosoft.com/templates/admin/smart/source/assets/img/datatable-row-openclose.png]
[www.einfosoft.com/templates/admin/smart/source/assets/img/details_open.png]
[www.einfosoft.com/templates/admin/smart/source/assets/img/details_close.png]
[www.einfosoft.com/templates/admin/smart/source/assets/css/plugins.min.css]
[www.einfosoft.com/templates/admin/smart/source/assets/css/theme/light/images/arrow-down.png]
[www.einfosoft.com/templates/admin/smart/source/assets/css/theme/img/remove-icon-small.png]
[www.einfosoft.com/templates/admin/smart/source/assets/css/theme/light/style.css]
[www.einfosoft.com/templates/admin/smart/source/assets/css/responsive.css]
[www.einfosoft.com/templates/admin/smart/source/assets/css/theme/light/theme-color.css]
[www.einfosoft.com/templates/admin/smart/source/assets/img/mega-img1.jpg]
[www.einfosoft.com/templates/admin/smart/source/assets/img/mega-img2.jpg]
[www.einfosoft.com/templates/admin/smart/source/assets/img/mega-img3.jpg]
[www.einfosoft.com/templates/admin/smart/source/assets/img/slider/fullimage1.jpg]
[www.einfosoft.com/templates/admin/smart/source/assets/img/slider/fullimage2.jpg]
[www.einfosoft.com/templates/admin/smart/source/assets/img/slider/fullimage3.jpg]
[www.einfosoft.com/templates/admin/smart/source/light/user_profile.html]
[www.einfosoft.com/templates/admin/smart/source/assets/plugins/iconic/css/material-design-iconic-font.min.css]
[www.einfosoft.com/templates/admin/smart/source/light/lock_screen.html]
[www.einfosoft.com/templates/admin/smart/source/assets/css/pages/login.css]
[www.einfosoft.com/templates/admin/smart/source/assets/img/pages/signin.jpg]
[www.einfosoft.com/templates/admin/smart/source/light/login.html]
[www.einfosoft.com/templates/admin/smart/source/assets/plugins/counterup/jquery.waypoints.min.js]
[www.einfosoft.com/templates/admin/smart/source/assets/plugins/counterup/jquery.counterup.min.js]
[www.einfosoft.com/templates/admin/smart/source/assets/plugins/chart-js/Chart.min.js]
[www.einfosoft.com/templates/admin/smart/source/assets/plugins/chart-js/utils.js]
[www.einfosoft.com/templates/admin/smart/source/assets/js/pages/chart/chartjs/home-data2.js]
[www.einfosoft.com/templates/admin/smart/source/light/dashboard2.html]
[www.einfosoft.com/templates/admin/smart/source/assets/js/pages/chart/apex/home-data3.js]
[www.einfosoft.com/templates/admin/smart/source/light/dashboard3.html]
[www.einfosoft.com/templates/admin/smart/source/assets/plugins/fullcalendar/packages/core/main.min.css]
[www.einfosoft.com/templates/admin/smart/source/assets/plugins/fullcalendar/packages/daygrid/main.min.css]
[www.einfosoft.com/templates/admin/smart/source/assets/plugins/fullcalendar/packages/timegrid/main.min.css]
[www.einfosoft.com/templates/admin/smart/source/assets/css/pages/fullcalendar.css]
[www.einfosoft.com/templates/admin/smart/source/assets/plugins/flatpicker/css/flatpickr.min.css]
[www.einfosoft.com/templates/admin/smart/source/assets/plugins/jquery-ui/jquery-ui.min.js]
[www.einfosoft.com/templates/admin/smart/source/assets/plugins/moment/moment.min.js]
[www.einfosoft.com/templates/admin/smart/source/assets/plugins/flatpicker/js/flatpicker.min.js]
[www.einfosoft.com/templates/admin/smart/source/assets/plugins/fullcalendar/packages/core/main.min.js]
[www.einfosoft.com/templates/admin/smart/source/assets/plugins/fullcalendar/packages/interaction/main.min.js]
[www.einfosoft.com/templates/admin/smart/source/assets/plugins/fullcalendar/packages/daygrid/main.min.js]
[www.einfosoft.com/templates/admin/smart/source/assets/plugins/fullcalendar/packages/timegrid/main.min.js]
[www.einfosoft.com/templates/admin/smart/source/light/event.html]
[www.einfosoft.com/templates/admin/smart/source/assets/js/pages/calendar/calendar.min.js]
[www.einfosoft.com/templates/admin/smart/source/assets/plugins/datatables/plugins/bootstrap/dataTables.bootstrap5.min.css]
[www.einfosoft.com/templates/admin/smart/source/assets/plugins/datatables/jquery.dataTables.min.js]
[www.einfosoft.com/templates/admin/smart/source/assets/plugins/datatables/plugins/bootstrap/dataTables.bootstrap5.min.js]
[www.einfosoft.com/templates/admin/smart/source/light/all_professors.html]
[www.einfosoft.com/templates/admin/smart/source/assets/js/pages/table/table_data.js]
[www.einfosoft.com/templates/admin/smart/source/assets/plugins/dropzone/dropzone.css]
[www.einfosoft.com/templates/admin/smart/source/assets/js/pages/material-select/getmdl-select.js]
[www.einfosoft.com/templates/admin/smart/source/assets/js/pages/date-time/date-time.init.js]
[www.einfosoft.com/templates/admin/smart/source/assets/plugins/dropzone/dropzone.js]
[www.einfosoft.com/templates/admin/smart/source/assets/plugins/dropzone/dropzone-call.js]
[www.einfosoft.com/templates/admin/smart/source/light/add_professor.html]
[www.einfosoft.com/templates/admin/smart/source/assets/css/pages/formlayout.css]
[www.einfosoft.com/templates/admin/smart/source/assets/plugins/jquery-validation/js/jquery.validate.min.js]
[www.einfosoft.com/templates/admin/smart/source/assets/plugins/jquery-validation/js/additional-methods.min.js]
[www.einfosoft.com/templates/admin/smart/source/light/add_professor_bootstrap.html]
[www.einfosoft.com/templates/admin/smart/source/assets/js/pages/validation/form-validation.js]
[www.einfosoft.com/templates/admin/smart/source/light/edit_professor.html]
[www.einfosoft.com/templates/admin/smart/source/light/professor_profile.html]
[www.einfosoft.com/templates/admin/smart/source/light/all_students.html]
[www.einfosoft.com/templates/admin/smart/source/light/add_student.html]
[www.einfosoft.com/templates/admin/smart/source/light/add_student_bootstrap.html]
[www.einfosoft.com/templates/admin/smart/source/light/edit_student.html]
[www.einfosoft.com/templates/admin/smart/source/light/student_profile.html]
[www.einfosoft.com/templates/admin/smart/source/assets/img/course/course1.jpg]
[www.einfosoft.com/templates/admin/smart/source/assets/img/course/course2.jpg]
[www.einfosoft.com/templates/admin/smart/source/assets/img/course/course3.jpg]
[www.einfosoft.com/templates/admin/smart/source/assets/img/course/course4.jpg]
[www.einfosoft.com/templates/admin/smart/source/light/all_courses.html]
[www.einfosoft.com/templates/admin/smart/source/light/add_course.html]
[www.einfosoft.com/templates/admin/smart/source/light/add_course_bootstrap.html]
[www.einfosoft.com/templates/admin/smart/source/light/edit_course.html]
[www.einfosoft.com/templates/admin/smart/source/light/course_details.html]
[www.einfosoft.com/templates/admin/smart/source/light/all_assets.html]
[www.einfosoft.com/templates/admin/smart/source/light/add_library.html]
[www.einfosoft.com/templates/admin/smart/source/light/add_library_bootstrap.html]
[www.einfosoft.com/templates/admin/smart/source/light/edit_library.html]
[www.einfosoft.com/templates/admin/smart/source/light/all_department.html]
[www.einfosoft.com/templates/admin/smart/source/light/add_department.html]
[www.einfosoft.com/templates/admin/smart/source/light/add_department_bootstrap.html]
[www.einfosoft.com/templates/admin/smart/source/light/edit_department.html]
[www.einfosoft.com/templates/admin/smart/source/light/add_staff_material.html]
[www.einfosoft.com/templates/admin/smart/source/light/all_staffs.html]
[www.einfosoft.com/templates/admin/smart/source/light/add_staff.html]
[www.einfosoft.com/templates/admin/smart/source/light/add_staff_bootstrap.html]
[www.einfosoft.com/templates/admin/smart/source/light/edit_staff.html]
[www.einfosoft.com/templates/admin/smart/source/light/staff_profile.html]
[www.einfosoft.com/templates/admin/smart/source/light/all_holidays.html]
[www.einfosoft.com/templates/admin/smart/source/light/add_holiday.html]
[www.einfosoft.com/templates/admin/smart/source/light/add_holiday_bootstrap.html]
[www.einfosoft.com/templates/admin/smart/source/light/edit_holiday.html]
[www.einfosoft.com/templates/admin/smart/source/light/email_inbox.html]
[www.einfosoft.com/templates/admin/smart/source/light/email_view.html]
[www.einfosoft.com/templates/admin/smart/source/assets/plugins/jquery-file-upload/blueimp-gallery/blueimp-gallery.min.css]
[www.einfosoft.com/templates/admin/smart/source/assets/plugins/jquery-file-upload/css/jquery.fileupload.css]
[www.einfosoft.com/templates/admin/smart/source/assets/plugins/jquery-file-upload/css/jquery.fileupload-ui.css]
[www.einfosoft.com/templates/admin/smart/source/light/email_compose.html]
[www.einfosoft.com/templates/admin/smart/source/light/fees_collection.html]
[www.einfosoft.com/templates/admin/smart/source/light/add_fees.html]
[www.einfosoft.com/templates/admin/smart/source/light/add_fees_bootstrap.html]
[www.einfosoft.com/templates/admin/smart/source/assets/img/invoice_logo.png]
[www.einfosoft.com/templates/admin/smart/source/light/fees_receipt.html]
[www.einfosoft.com/templates/admin/smart/source/assets/css/theme/full/theme_style.css]
[www.einfosoft.com/templates/admin/smart/source/assets/css/theme/full/style.css]
[www.einfosoft.com/templates/admin/smart/source/assets/css/theme/full/theme-color.css]
[www.einfosoft.com/templates/admin/smart/source/light/calendar.html]
[www.einfosoft.com/templates/admin/smart/source/light/holiday_calendar.html]
[www.einfosoft.com/templates/admin/smart/source/light/layout_verticle.html]
[www.einfosoft.com/templates/admin/smart/source/assets/css/theme/boxed/theme_style.css]
[www.einfosoft.com/templates/admin/smart/source/assets/css/theme/boxed/style.css]
[www.einfosoft.com/templates/admin/smart/source/assets/css/theme/boxed/theme-color.css]
[www.einfosoft.com/templates/admin/smart/source/light/layout_boxed.html]
[www.einfosoft.com/templates/admin/smart/source/assets/css/theme/collapse/theme_style.css]
[www.einfosoft.com/templates/admin/smart/source/assets/css/theme/collapse/style.css]
[www.einfosoft.com/templates/admin/smart/source/assets/css/theme/collapse/theme-color.css]
[www.einfosoft.com/templates/admin/smart/source/light/layout_collapse.html]
[www.einfosoft.com/templates/admin/smart/source/assets/css/theme/hover/theme_style.css]
[www.einfosoft.com/templates/admin/smart/source/assets/css/theme/hover/style.css]
[www.einfosoft.com/templates/admin/smart/source/assets/css/theme/hover/theme-color.css]
[www.einfosoft.com/templates/admin/smart/source/light/layout_hover_menu.html]
[www.einfosoft.com/templates/admin/smart/source/assets/css/theme/right/theme_style.css]
[www.einfosoft.com/templates/admin/smart/source/assets/css/theme/right/style.css]
[www.einfosoft.com/templates/admin/smart/source/assets/css/theme/right/theme-color.css]
[www.einfosoft.com/templates/admin/smart/source/light/layout_right_sidebar.html]
[www.einfosoft.com/templates/admin/smart/source/assets/plugins/morris/morris.css]
[www.einfosoft.com/templates/admin/smart/source/assets/plugins/owl-carousel/owl.carousel.css]
[www.einfosoft.com/templates/admin/smart/source/assets/plugins/owl-carousel/owl.theme.css]
[www.einfosoft.com/templates/admin/smart/source/assets/img/slider/slider1.jpg]
[www.einfosoft.com/templates/admin/smart/source/assets/img/slider/slider2.jpg]
[www.einfosoft.com/templates/admin/smart/source/assets/img/slider/slider3.jpg]
[www.einfosoft.com/templates/admin/smart/source/assets/img/blog/blog1.jpg]
[www.einfosoft.com/templates/admin/smart/source/assets/img/blog/blog2.jpg]
[www.einfosoft.com/templates/admin/smart/source/assets/img/blog/blog3.jpg]
[www.einfosoft.com/templates/admin/smart/source/assets/img/blog/blog4.jpg]
[www.einfosoft.com/templates/admin/smart/source/assets/plugins/owl-carousel/owl.carousel.js]
[www.einfosoft.com/templates/admin/smart/source/assets/js/pages/owl-carousel/owl_data.js]
[www.einfosoft.com/templates/admin/smart/source/light/widget.html]
[www.einfosoft.com/templates/admin/smart/source/light/ui_buttons.html]
[www.einfosoft.com/templates/admin/smart/source/assets/plugins/sweet-alert/sweetalert2.min.css]
[www.einfosoft.com/templates/admin/smart/source/assets/plugins/sweet-alert/sweetalert2.all.min.js]
[www.einfosoft.com/templates/admin/smart/source/assets/plugins/sweet-alert/sweetalert2.min.js]
[www.einfosoft.com/templates/admin/smart/source/light/ui_sweet_alert.html]
[www.einfosoft.com/templates/admin/smart/source/assets/js/pages/sweet-alert/sweet-alert-data.js]
[www.einfosoft.com/templates/admin/smart/source/light/ui_tabs_accordions_navs.html]
[www.einfosoft.com/templates/admin/smart/source/assets/plugins/bootstrap-tabdrop/js/bootstrap-tabdrop.js]
[www.einfosoft.com/templates/admin/smart/source/assets/css/pages/typography.css]
[www.einfosoft.com/templates/admin/smart/source/light/ui_typography.html]
[www.einfosoft.com/templates/admin/smart/source/assets/plugins/jquery-toast/dist/jquery.toast.min.css]
[www.einfosoft.com/templates/admin/smart/source/assets/plugins/jquery-toast/dist/jquery.toast.min.js]
[www.einfosoft.com/templates/admin/smart/source/light/notification.html]
[www.einfosoft.com/templates/admin/smart/source/assets/plugins/jquery-toast/dist/toast.js]
[www.einfosoft.com/templates/admin/smart/source/light/ui_icons.html]
[www.einfosoft.com/templates/admin/smart/source/light/ui_panels.html]
[www.einfosoft.com/templates/admin/smart/source/light/ui_grid.html]
[www.einfosoft.com/templates/admin/smart/source/assets/plugins/bootstrap-treeview/bootstrap-treeview.js]
[www.einfosoft.com/templates/admin/smart/source/light/ui_tree.html]
[www.einfosoft.com/templates/admin/smart/source/assets/js/pages/treeview/treeview-data.js]
[www.einfosoft.com/templates/admin/smart/source/assets/img/slider/owl1.jpg]
[www.einfosoft.com/templates/admin/smart/source/assets/img/slider/owl2.jpg]
[www.einfosoft.com/templates/admin/smart/source/assets/img/slider/owl3.jpg]
[www.einfosoft.com/templates/admin/smart/source/assets/img/slider/owl4.jpg]
[www.einfosoft.com/templates/admin/smart/source/assets/img/slider/owl5.jpg]
[www.einfosoft.com/templates/admin/smart/source/assets/img/slider/owl6.jpg]
[www.einfosoft.com/templates/admin/smart/source/assets/img/slider/owl7.jpg]
[www.einfosoft.com/templates/admin/smart/source/assets/img/slider/owl8.jpg]
[www.einfosoft.com/templates/admin/smart/source/light/ui_carousel.html]
[www.einfosoft.com/templates/admin/smart/source/light/material_button.html]
[www.einfosoft.com/templates/admin/smart/source/light/material_tab.html]
[www.einfosoft.com/templates/admin/smart/source/light/material_chips.html]
[www.einfosoft.com/templates/admin/smart/source/light/material_grid.html]
[www.einfosoft.com/templates/admin/smart/source/light/material_icons.html]
[www.einfosoft.com/templates/admin/smart/source/light/material_form.html]
[www.einfosoft.com/templates/admin/smart/source/light/material_datepicker.html]
[www.einfosoft.com/templates/admin/smart/source/light/material_select.html]
[www.einfosoft.com/templates/admin/smart/source/assets/js/pages/material-loading/material-loading.js]
[www.einfosoft.com/templates/admin/smart/source/light/material_loading.html]
[www.einfosoft.com/templates/admin/smart/source/light/material_menu.html]
[www.einfosoft.com/templates/admin/smart/source/light/material_slider.html]
[www.einfosoft.com/templates/admin/smart/source/light/material_tables.html]
[www.einfosoft.com/templates/admin/smart/source/light/material_toggle.html]
[www.einfosoft.com/templates/admin/smart/source/light/material_badges.html]
[www.einfosoft.com/templates/admin/smart/source/light/layouts_form.html]
[www.einfosoft.com/templates/admin/smart/source/assets/plugins/bootstrap-datetimepicker/css/bootstrap-datetimepicker.min.css]
[www.einfosoft.com/templates/admin/smart/source/assets/plugins/bootstrap-colorpicker/css/bootstrap-colorpicker.css]
[www.einfosoft.com/templates/admin/smart/source/assets/plugins/jquery-tags-input/jquery-tags-input.css]
[www.einfosoft.com/templates/admin/smart/source/assets/plugins/select2/css/select2.css]
[www.einfosoft.com/templates/admin/smart/source/assets/plugins/select2/css/select2-bootstrap.min.css]
[www.einfosoft.com/templates/admin/smart/source/assets/plugins/bootstrap-inputmask/bootstrap-inputmask.min.js]
[www.einfosoft.com/templates/admin/smart/source/assets/plugins/bootstrap-datepicker/bootstrap-datepicker.js]
[www.einfosoft.com/templates/admin/smart/source/assets/plugins/bootstrap-colorpicker/js/bootstrap-colorpicker.js]
[www.einfosoft.com/templates/admin/smart/source/assets/plugins/bootstrap-datetimepicker/js/bootstrap-datetimepicker.js]
[www.einfosoft.com/templates/admin/smart/source/assets/plugins/bootstrap-datetimepicker/js/bootstrap-datetimepicker-init.js]
[www.einfosoft.com/templates/admin/smart/source/assets/plugins/jquery-tags-input/jquery-tags-input.js]
[www.einfosoft.com/templates/admin/smart/source/assets/plugins/jquery-tags-input/jquery-tags-input-init.js]
[www.einfosoft.com/templates/admin/smart/source/assets/plugins/select2/js/select2.js]
[www.einfosoft.com/templates/admin/smart/source/assets/js/pages/select2/select2-init.js]
[www.einfosoft.com/templates/admin/smart/source/light/advance_form.html]
[www.einfosoft.com/templates/admin/smart/source/assets/plugins/steps/steps.css]
[www.einfosoft.com/templates/admin/smart/source/assets/plugins/steps/jquery.steps.js]
[www.einfosoft.com/templates/admin/smart/source/assets/js/pages/steps/steps-data.js]
[www.einfosoft.com/templates/admin/smart/source/light/wizard.html]
[www.einfosoft.com/templates/admin/smart/source/light/validation_form.html]
[www.einfosoft.com/templates/admin/smart/source/assets/plugins/bootstrap-editable/bootstrap-editable/css/bootstrap-editable.css]
[www.einfosoft.com/templates/admin/smart/source/light/editable_form.html]
[www.einfosoft.com/templates/admin/smart/source/light/basic_table.html]
[www.einfosoft.com/templates/admin/smart/source/light/advanced_table.html]
[www.einfosoft.com/templates/admin/smart/source/assets/plugins/datatables/export/buttons.dataTables.min.css]
[www.einfosoft.com/templates/admin/smart/source/assets/plugins/datatables/export/dataTables.buttons.min.js]
[www.einfosoft.com/templates/admin/smart/source/assets/plugins/datatables/export/buttons.flash.min.js]
[www.einfosoft.com/templates/admin/smart/source/assets/plugins/datatables/export/jszip.min.js]
[www.einfosoft.com/templates/admin/smart/source/assets/plugins/datatables/export/pdfmake.min.js]
[www.einfosoft.com/templates/admin/smart/source/assets/plugins/datatables/export/vfs_fonts.js]
[www.einfosoft.com/templates/admin/smart/source/assets/plugins/datatables/export/buttons.html5.min.js]
[www.einfosoft.com/templates/admin/smart/source/light/export_table.html]
[www.einfosoft.com/templates/admin/smart/source/assets/plugins/datatables/export/buttons.print.min.js]
[www.einfosoft.com/templates/admin/smart/source/light/child_row_table.html]
[www.einfosoft.com/templates/admin/smart/source/light/group_table.html]
[www.einfosoft.com/templates/admin/smart/source/light/tableData.html]
[www.einfosoft.com/templates/admin/smart/source/light/charts_apexchart.html]
[www.einfosoft.com/templates/admin/smart/source/assets/js/pages/chart/apex/apexcharts.data.js]
[www.einfosoft.com/templates/admin/smart/source/assets/plugins/amcharts4/core.js]
[www.einfosoft.com/templates/admin/smart/source/assets/plugins/amcharts4/animated.js]
[www.einfosoft.com/templates/admin/smart/source/assets/plugins/amcharts4/charts.js]
[www.einfosoft.com/templates/admin/smart/source/assets/plugins/amcharts4/worldLow.js]
[www.einfosoft.com/templates/admin/smart/source/assets/plugins/amcharts4/maps.js]
[www.einfosoft.com/templates/admin/smart/source/assets/js/pages/chart/amchart/amchart-data.js]
[www.einfosoft.com/templates/admin/smart/source/light/charts_amchart.html]
[www.einfosoft.com/templates/admin/smart/source/light/charts_plotly.html]
[www.einfosoft.com/templates/admin/smart/source/assets/js/pages/chart/plotly/plotlyjs-data.js]
[www.einfosoft.com/templates/admin/smart/source/assets/plugins/echarts/echarts.js]
[www.einfosoft.com/templates/admin/smart/source/assets/plugins/plotyjs/plotly.min.js]
[www.einfosoft.com/templates/admin/smart/source/assets/js/pages/chart/echart/echart-data.js]
[www.einfosoft.com/templates/admin/smart/source/light/charts_echarts.html]
[www.einfosoft.com/templates/admin/smart/source/assets/plugins/morris/morris.min.js]
[www.einfosoft.com/templates/admin/smart/source/assets/plugins/morris/raphael-min.js]
[www.einfosoft.com/templates/admin/smart/source/assets/js/pages/chart/morris/morris_chart_data.js]
[www.einfosoft.com/templates/admin/smart/source/light/charts_morris.html]
[www.einfosoft.com/templates/admin/smart/source/light/charts_chartjs.html]
[www.einfosoft.com/templates/admin/smart/source/assets/js/pages/chart/chartjs/chartjs-data.js]
[www.einfosoft.com/templates/admin/smart/source/assets/plugins/gmaps/gmaps.min.js]
[www.einfosoft.com/templates/admin/smart/source/light/google_maps.html]
[www.einfosoft.com/templates/admin/smart/source/assets/js/pages/map/google-maps-data.js]
[www.einfosoft.com/templates/admin/smart/source/assets/plugins/jqvmap/jquery-jvectormap.css]
[www.einfosoft.com/templates/admin/smart/source/assets/plugins/jqvmap/jquery-jvectormap.min.js]
[www.einfosoft.com/templates/admin/smart/source/assets/plugins/jqvmap/jquery-jvectormap-world-mill-en.js]
[www.einfosoft.com/templates/admin/smart/source/assets/js/pages/map/vector-data.js]
[www.einfosoft.com/templates/admin/smart/source/light/vector_maps.html]
[www.einfosoft.com/templates/admin/smart/source/assets/img/pages/signup.jpg]
[www.einfosoft.com/templates/admin/smart/source/light/sign_up.html]
[www.einfosoft.com/templates/admin/smart/source/assets/img/pages/forgot.jpg]
[www.einfosoft.com/templates/admin/smart/source/light/forgot_password.html]
[www.einfosoft.com/templates/admin/smart/source/light/contact.html]
[www.einfosoft.com/templates/admin/smart/source/assets/img/pages/404.jpg]
[www.einfosoft.com/templates/admin/smart/source/light/page-404.html]
[www.einfosoft.com/templates/admin/smart/source/assets/img/pages/500.jpg]
[www.einfosoft.com/templates/admin/smart/source/light/page-500.html]
[www.einfosoft.com/templates/admin/smart/source/light/blank_page.html]
[www.einfosoft.com/templates/admin/smart/source/assets/plugins/jquery/jquery.min.js]
[www.einfosoft.com/templates/admin/smart/source/assets/plugins/popper/popper.js]
[www.einfosoft.com/templates/admin/smart/source/assets/plugins/jquery-blockui/jquery.blockui.min.js]
[www.einfosoft.com/templates/admin/smart/source/assets/plugins/jquery-slimscroll/jquery.slimscroll.js]
[www.einfosoft.com/templates/admin/smart/source/light/node.js]
[www.einfosoft.com/templates/admin/smart/source/assets/plugins/feather/feather.min.js]
[www.einfosoft.com/templates/admin/smart/source/assets/plugins/bootstrap/js/bootstrap.min.js]
[www.einfosoft.com/templates/admin/smart/source/assets/plugins/bootstrap-switch/js/bootstrap-switch.min.js]
[www.einfosoft.com/templates/admin/smart/source/assets/plugins/sparkline/jquery.sparkline.js]
[www.einfosoft.com/templates/admin/smart/source/assets/js/pages/sparkline/sparkline-data.js]
[www.einfosoft.com/templates/admin/smart/source/assets/js/app.js]
[www.einfosoft.com/templates/admin/smart/source/assets/js/layout.js]
[www.einfosoft.com/templates/admin/smart/source/assets/js/theme-color.js]
[www.einfosoft.com/templates/admin/smart/source/assets/plugins/material/material.min.js]
[www.einfosoft.com/templates/admin/smart/source/assets/plugins/apexcharts/apexcharts.min.js]
[www.einfosoft.com/templates/admin/smart/source/assets/js/pages/chart/apex/home-data.js]
[www.einfosoft.com/templates/admin/smart/source/assets/plugins/summernote/summernote.js]
[www.einfosoft.com/templates/admin/smart/source/light/global/plugins/index.html]
[www.einfosoft.com/templates/admin/smart/source/light/img/index.html]
[www.einfosoft.com/templates/admin/smart/source/assets/js/pages/summernote/summernote-data.js]
[www.einfosoft.com/templates/admin/smart/source/light/fonts/simple-line-icons/fonts/Simple-Line-Iconsb26c.svg]
[www.einfosoft.com/templates/admin/smart/source/light/fonts/font-awesome/fonts/fontawesome-webfont3e6e.svg]
[www.einfosoft.com/templates/admin/smart/source/assets/img/datatable-row-openclose.html]
[www.einfosoft.com/templates/admin/smart/source/assets/css/theme/light/images/arrow-down.html]
[www.einfosoft.com/templates/admin/smart/source/assets/css/theme/img/remove-icon-small.html]
[www.einfosoft.com/templates/admin/smart/source/assets/plugins/iconic/css/material-design-iconic-font.min.css]
[www.einfosoft.com/templates/admin/smart/source/assets/css/pages/login.css]
[www.einfosoft.com/templates/admin/smart/source/assets/plugins/counterup/jquery.waypoints.min.js]
[www.einfosoft.com/templates/admin/smart/source/assets/plugins/counterup/jquery.counterup.min.js]
[www.einfosoft.com/templates/admin/smart/source/assets/plugins/chart-js/Chart.min.js]
[www.google-analytics.com/analytics.js]
[www.einfosoft.com/templates/admin/smart/source/light/css/index.html]
[www.einfosoft.com/templates/admin/smart/source/assets/plugins/chart-js/utils.js]
[www.einfosoft.com/templates/admin/smart/source/assets/js/pages/chart/chartjs/home-data2.js]
[www.einfosoft.com/templates/admin/smart/source/assets/js/pages/chart/apex/home-data3.js]
[www.einfosoft.com/templates/admin/smart/source/assets/plugins/fullcalendar/packages/core/main.min.css]
[www.einfosoft.com/templates/admin/smart/source/assets/plugins/fullcalendar/packages/daygrid/main.min.css]
[www.einfosoft.com/templates/admin/smart/source/assets/plugins/fullcalendar/packages/timegrid/main.min.css]
[www.einfosoft.com/templates/admin/smart/source/assets/css/pages/fullcalendar.css]
[www.einfosoft.com/templates/admin/smart/source/assets/plugins/flatpicker/css/flatpickr.min.css]
[www.einfosoft.com/templates/admin/smart/source/assets/plugins/jquery-ui/jquery-ui.min.js]
[www.einfosoft.com/templates/admin/smart/source/assets/plugins/moment/moment.min.js]
[www.einfosoft.com/templates/admin/smart/source/assets/plugins/flatpicker/js/flatpicker.min.js]
[www.einfosoft.com/templates/admin/smart/source/assets/plugins/fullcalendar/packages/core/main.min.js]
[www.einfosoft.com/templates/admin/smart/source/assets/plugins/fullcalendar/packages/interaction/main.min.js]
[www.einfosoft.com/templates/admin/smart/source/assets/plugins/fullcalendar/packages/daygrid/main.min.js]
[www.einfosoft.com/templates/admin/smart/source/assets/plugins/fullcalendar/packages/timegrid/main.min.js]
[www.einfosoft.com/templates/admin/smart/source/assets/js/pages/calendar/calendar.min.js]
[www.einfosoft.com/templates/admin/smart/source/assets/plugins/datatables/plugins/bootstrap/dataTables.bootstrap5.min.css]
[www.einfosoft.com/templates/admin/smart/source/assets/plugins/datatables/jquery.dataTables.min.js]
[www.einfosoft.com/templates/admin/smart/source/assets/plugins/datatables/plugins/bootstrap/dataTables.bootstrap5.min.js]
[www.einfosoft.com/templates/admin/smart/source/assets/js/pages/table/table_data.js]
[www.einfosoft.com/templates/admin/smart/source/assets/plugins/dropzone/dropzone.css]
[www.einfosoft.com/templates/admin/smart/source/assets/js/pages/material-select/getmdl-select.js]
[www.einfosoft.com/templates/admin/smart/source/assets/js/pages/date-time/date-time.init.js]
[www.einfosoft.com/templates/admin/smart/source/assets/plugins/dropzone/dropzone.js]
[www.einfosoft.com/templates/admin/smart/source/assets/plugins/dropzone/dropzone-call.js]
[www.einfosoft.com/templates/admin/smart/source/assets/css/pages/formlayout.css]
[www.einfosoft.com/templates/admin/smart/source/assets/plugins/jquery-validation/js/jquery.validate.min.js]
[www.einfosoft.com/templates/admin/smart/source/assets/plugins/jquery-validation/js/additional-methods.min.js]
[www.einfosoft.com/templates/admin/smart/source/assets/js/pages/validation/form-validation.js]
[www.einfosoft.com/templates/admin/smart/source/light/add_staff_material.html]
[www.einfosoft.com/templates/admin/smart/source/light/image/index.html]
[www.einfosoft.com/templates/admin/smart/source/assets/plugins/jquery-file-upload/img/loading.gif]
[www.einfosoft.com/templates/admin/smart/source/assets/plugins/jquery-file-upload/img/error.png]
[www.einfosoft.com/templates/admin/smart/source/assets/plugins/jquery-file-upload/img/play-pause.png]
[www.einfosoft.com/templates/admin/smart/source/assets/plugins/jquery-file-upload/img/video-play.png]
[www.einfosoft.com/templates/admin/smart/source/assets/plugins/jquery-file-upload/blueimp-gallery/blueimp-gallery.min.css]
[www.einfosoft.com/templates/admin/smart/source/assets/plugins/jquery-file-upload/css/jquery.fileupload.css]
[www.einfosoft.com/templates/admin/smart/source/assets/plugins/jquery-file-upload/img/progressbar.gif]
[www.einfosoft.com/templates/admin/smart/source/assets/plugins/jquery-file-upload/css/jquery.fileupload-ui.css]
[www.einfosoft.com/templates/admin/smart/source/assets/css/theme/full/theme_style.css]
[www.einfosoft.com/templates/admin/smart/source/assets/css/theme/full/images/arrow-down.png]
[www.einfosoft.com/templates/admin/smart/source/assets/css/theme/full/style.css]
[www.einfosoft.com/templates/admin/smart/source/assets/css/theme/full/theme-color.css]
[www.einfosoft.com/templates/admin/smart/source/light/calendar.html]
[www.einfosoft.com/templates/admin/smart/source/light/holiday_calendar.html]
[www.einfosoft.com/templates/admin/smart/source/assets/css/theme/boxed/theme_style.css]
[www.einfosoft.com/templates/admin/smart/source/assets/css/theme/boxed/images/arrow-down.png]
[www.einfosoft.com/templates/admin/smart/source/assets/css/theme/boxed/style.css]
[www.einfosoft.com/templates/admin/smart/source/assets/css/theme/boxed/theme-color.css]
[www.einfosoft.com/templates/admin/smart/source/assets/css/theme/collapse/theme_style.css]
[www.einfosoft.com/templates/admin/smart/source/assets/css/theme/collapse/images/arrow-down.png]
[www.einfosoft.com/templates/admin/smart/source/assets/css/theme/collapse/style.css]
[www.einfosoft.com/templates/admin/smart/source/assets/css/theme/collapse/theme-color.css]
[www.einfosoft.com/templates/admin/smart/source/assets/css/theme/hover/theme_style.css]
[www.einfosoft.com/templates/admin/smart/source/assets/css/theme/hover/images/arrow-down.png]
[www.einfosoft.com/templates/admin/smart/source/assets/css/theme/hover/style.css]
[www.einfosoft.com/templates/admin/smart/source/assets/css/theme/hover/theme-color.css]
[www.einfosoft.com/templates/admin/smart/source/assets/css/theme/right/theme_style.css]
[www.einfosoft.com/templates/admin/smart/source/assets/css/theme/right/images/arrow-down.png]
[www.einfosoft.com/templates/admin/smart/source/assets/css/theme/right/style.css]
[www.einfosoft.com/templates/admin/smart/source/assets/css/theme/right/theme-color.css]
[www.einfosoft.com/templates/admin/smart/source/assets/plugins/morris/morris.css]
[www.einfosoft.com/templates/admin/smart/source/assets/plugins/owl-carousel/grabbing.png]
[www.einfosoft.com/templates/admin/smart/source/assets/plugins/owl-carousel/owl.carousel.css]
[www.einfosoft.com/templates/admin/smart/source/assets/plugins/owl-carousel/AjaxLoader.gif]
[www.einfosoft.com/templates/admin/smart/source/assets/plugins/owl-carousel/owl.theme.css]
[www.einfosoft.com/templates/admin/smart/source/assets/plugins/owl-carousel/owl.carousel.js]
[www.einfosoft.com/templates/admin/smart/source/assets/js/pages/owl-carousel/owl_data.js]
[www.einfosoft.com/templates/admin/smart/source/assets/plugins/sweet-alert/sweetalert2.min.css]
[www.einfosoft.com/templates/admin/smart/source/assets/plugins/sweet-alert/sweetalert2.all.min.js]
[www.einfosoft.com/templates/admin/smart/source/assets/plugins/sweet-alert/sweetalert2.min.js]
[www.einfosoft.com/templates/admin/smart/source/assets/js/pages/sweet-alert/sweet-alert-data.js]
[www.einfosoft.com/templates/admin/smart/source/assets/plugins/bootstrap-tabdrop/js/bootstrap-tabdrop.js]
[www.einfosoft.com/templates/admin/smart/source/assets/css/pages/typography.css]
[www.einfosoft.com/templates/admin/smart/source/assets/plugins/jquery-toast/dist/jquery.toast.min.css]
[www.einfosoft.com/templates/admin/smart/source/assets/plugins/jquery-toast/dist/jquery.toast.min.js]
[www.einfosoft.com/templates/admin/smart/source/assets/plugins/jquery-toast/dist/toast.js]
[www.einfosoft.com/templates/admin/smart/source/assets/plugins/bootstrap-treeview/bootstrap-treeview.js]
[www.einfosoft.com/templates/admin/smart/source/assets/js/pages/treeview/treeview-data.js]
[www.einfosoft.com/templates/admin/smart/source/assets/js/pages/material-loading/material-loading.js]
[www.einfosoft.com/templates/admin/smart/source/assets/plugins/bootstrap-datetimepicker/css/bootstrap-datetimepicker.min.css]
[www.einfosoft.com/templates/admin/smart/source/assets/plugins/bootstrap-colorpicker/img/bootstrap-colorpicker/saturation.png]
[www.einfosoft.com/templates/admin/smart/source/assets/plugins/bootstrap-colorpicker/img/bootstrap-colorpicker/hue.png]
[www.einfosoft.com/templates/admin/smart/source/assets/plugins/bootstrap-colorpicker/img/bootstrap-colorpicker/alpha.png]
[www.einfosoft.com/templates/admin/smart/source/assets/plugins/bootstrap-colorpicker/img/bootstrap-colorpicker/hue-horizontal.png]
[www.einfosoft.com/templates/admin/smart/source/assets/plugins/bootstrap-colorpicker/img/bootstrap-colorpicker/alpha-horizontal.png]
[www.einfosoft.com/templates/admin/smart/source/assets/plugins/bootstrap-colorpicker/css/bootstrap-colorpicker.css]
[www.einfosoft.com/templates/admin/smart/source/assets/plugins/jquery-tags-input/jquery-tags-input.css]
[www.einfosoft.com/templates/admin/smart/source/assets/plugins/select2/css/select2.css]
[www.einfosoft.com/templates/admin/smart/source/assets/plugins/select2/css/select2-bootstrap.min.css]
[www.einfosoft.com/templates/admin/smart/source/assets/plugins/bootstrap-inputmask/bootstrap-inputmask.min.js]
[www.einfosoft.com/templates/admin/smart/source/assets/plugins/bootstrap-datepicker/bootstrap-datepicker.js]
[www.einfosoft.com/templates/admin/smart/source/assets/plugins/bootstrap-datepicker/datepicker-init.js]
[www.einfosoft.com/templates/admin/smart/source/assets/plugins/bootstrap-colorpicker/js/bootstrap-colorpicker.js]
[www.einfosoft.com/templates/admin/smart/source/assets/plugins/bootstrap-colorpicker/js/bootstrap-colorpicker-init.js]
[www.einfosoft.com/templates/admin/smart/source/assets/plugins/bootstrap-datetimepicker/js/bootstrap-datetimepicker.js]
[www.einfosoft.com/templates/admin/smart/source/assets/plugins/bootstrap-datetimepicker/js/bootstrap-datetimepicker-init.js]
[www.einfosoft.com/templates/admin/smart/source/assets/plugins/jquery-tags-input/jquery-tags-input.js]
[www.einfosoft.com/templates/admin/smart/source/assets/plugins/jquery-tags-input/jquery-tags-input-init.js]
[www.einfosoft.com/templates/admin/smart/source/assets/plugins/select2/js/select2.js]
[www.einfosoft.com/templates/admin/smart/source/assets/js/pages/select2/select2-init.js]
[www.einfosoft.com/templates/admin/smart/source/assets/plugins/steps/steps.css]
[www.einfosoft.com/templates/admin/smart/source/assets/plugins/steps/jquery.steps.js]
[www.einfosoft.com/templates/admin/smart/source/assets/js/pages/steps/steps-data.js]
[www.einfosoft.com/templates/admin/smart/source/light/index-2.html]
[www.einfosoft.com/templates/admin/smart/source/assets/plugins/bootstrap-editable/bootstrap-editable/img/loading.gif]
[www.einfosoft.com/templates/admin/smart/source/assets/plugins/bootstrap-editable/bootstrap-editable/img/clear.png]
[www.einfosoft.com/templates/admin/smart/source/assets/plugins/bootstrap-editable/bootstrap-editable/css/bootstrap-editable.css]
[www.einfosoft.com/templates/admin/smart/source/assets/plugins/bootstrap-editable/inputs-ext/address/address.css]
[www.einfosoft.com/templates/admin/smart/source/assets/plugins/datatables/export/buttons.dataTables.min.css]
[www.einfosoft.com/templates/admin/smart/source/assets/plugins/datatables/export/dataTables.buttons.min.js]
[www.einfosoft.com/templates/admin/smart/source/light/buttons.pdf]
[www.einfosoft.com/templates/admin/smart/source/assets/plugins/datatables/export/buttons.flash.min.js]
[www.einfosoft.com/templates/admin/smart/source/assets/plugins/datatables/export/jszip.min.js]
[www.einfosoft.com/templates/admin/smart/source/assets/plugins/datatables/export/pdfmake.min.js]
[www.einfosoft.com/templates/admin/smart/source/light/ABCDEFGHIJKLMNOPQRSTUVWXYZabcdefghijklmnopqrstuvwxyz0123456789+/index.html]
[www.einfosoft.com/templates/admin/smart/source/assets/plugins/datatables/export/vfs_fonts.js]
[www.einfosoft.com/templates/admin/smart/source/light/xl/worksheets/sheet1.xml]
[www.einfosoft.com/templates/admin/smart/source/light/xl/workbook.xml]
[www.einfosoft.com/templates/admin/smart/source/light/xl/styles.xml]
[www.einfosoft.com/templates/admin/smart/source/light/[Content_Types].xml]
[www.einfosoft.com/templates/admin/smart/source/assets/plugins/datatables/export/buttons.html5.min.js]
[www.einfosoft.com/templates/admin/smart/source/assets/plugins/datatables/export/buttons.print.min.js]
[www.einfosoft.com/templates/admin/smart/source/assets/js/pages/chart/apex/apexcharts.data.js]
[www.einfosoft.com/templates/admin/smart/source/light/0v9/index.html]
[www.einfosoft.com/templates/admin/smart/source/light/Nv8/index.html]
[www.einfosoft.com/templates/admin/smart/source/assets/plugins/amcharts4/core.js]
[www.einfosoft.com/templates/admin/smart/source/light/7bL/index.html]
[www.einfosoft.com/templates/admin/smart/source/light/ND2/index.html]
[www.einfosoft.com/templates/admin/smart/source/assets/plugins/amcharts4/charts.js]
[www.einfosoft.com/templates/admin/smart/source/assets/plugins/amcharts4/animated.js]
[www.einfosoft.com/templates/admin/smart/source/light/DA7/index.html]
[www.einfosoft.com/templates/admin/smart/source/assets/plugins/amcharts4/worldLow.js]
[www.einfosoft.com/templates/admin/smart/source/assets/plugins/amcharts4/maps.js]
[www.einfosoft.com/templates/admin/smart/source/assets/js/pages/chart/amchart/amchart-data.js]
[www.einfosoft.com/templates/admin/smart/source/light/OB1/index.html]
[www.einfosoft.com/templates/admin/smart/source/light/qUC/index.html]
[www.einfosoft.com/templates/admin/smart/source/light/bn.js]
[www.einfosoft.com/templates/admin/smart/source/light/lib/thunk.js]
[www.einfosoft.com/templates/admin/smart/source/light/compile.js]
[www.einfosoft.com/templates/admin/smart/source/light/es5-ext/string/index.html]
[www.einfosoft.com/templates/admin/smart/source/light/es5-ext/array/index.html]
[www.einfosoft.com/templates/admin/smart/source/light/lib/text.js]
[www.einfosoft.com/templates/admin/smart/source/light/lib/lines.js]
[www.einfosoft.com/templates/admin/smart/source/light/lib/background.js]
[www.einfosoft.com/templates/admin/smart/source/light/lib/cube.js]
[www.einfosoft.com/templates/admin/smart/source/light/lib/ticks.js]
[www.einfosoft.com/templates/admin/smart/source/light/polytope-closest-point/lib/closest_point_2d.js]
[www.einfosoft.com/templates/admin/smart/source/light/camera.js]
[www.einfosoft.com/templates/admin/smart/source/light/do-bind.js]
[www.einfosoft.com/templates/admin/smart/source/light/lib/vao-native.js]
[www.einfosoft.com/templates/admin/smart/source/light/lib/vao-emulated.js]
[www.einfosoft.com/templates/admin/smart/source/light/doConvert.js]
[www.einfosoft.com/templates/admin/smart/source/light/lib/compile_sort.js]
[www.einfosoft.com/templates/admin/smart/source/assets/plugins/plotyjs/plotly.min.js]
[www.einfosoft.com/templates/admin/smart/source/assets/js/pages/chart/plotly/plotlyjs-data.js]
[www.einfosoft.com/templates/admin/smart/source/light/^image_]
[www.einfosoft.com/templates/admin/smart/source/assets/plugins/echarts/echarts.js]
[www.einfosoft.com/templates/admin/smart/source/assets/js/pages/chart/echart/echart-data.js]
[www.einfosoft.com/templates/admin/smart/source/assets/plugins/morris/morris.min.js]
[www.einfosoft.com/templates/admin/smart/source/assets/plugins/morris/raphael-min.js]
[www.einfosoft.com/templates/admin/smart/source/assets/js/pages/chart/morris/morris_chart_data.js]
[www.einfosoft.com/templates/admin/smart/source/assets/js/pages/chart/chartjs/chartjs-data.js]
[www.einfosoft.com/templates/admin/smart/source/assets/plugins/gmaps/gmaps.min.js]
[www.einfosoft.com/templates/admin/smart/source/assets/js/pages/map/google-maps-data.js]
[www.einfosoft.com/templates/admin/smart/source/assets/plugins/jqvmap/jquery-jvectormap.css]
[www.einfosoft.com/templates/admin/smart/source/assets/plugins/jqvmap/jquery-jvectormap.min.js]
[www.einfosoft.com/templates/admin/smart/source/assets/plugins/jqvmap/jquery-jvectormap-world-mill-en.js]
[www.einfosoft.com/templates/admin/smart/source/assets/js/pages/map/vector-data.js]
[www.einfosoft.com/templates/admin/smart/source/light/node.html]
[www.einfosoft.com/templates/admin/smart/source/light/img/index.html]
[www.einfosoft.com/templates/admin/smart/source/light/global/plugins/index.html]
[www.einfosoft.com/templates/admin/smart/source/light/css/index.html]
[www.einfosoft.com/templates/admin/smart/source/light/image/index.html]
[www.einfosoft.com/templates/admin/smart/source/assets/plugins/jquery-file-upload/img/error.html]
[www.einfosoft.com/templates/admin/smart/source/assets/plugins/jquery-file-upload/img/play-pause.html]
[www.einfosoft.com/templates/admin/smart/source/assets/plugins/jquery-file-upload/img/video-play.html]
[www.einfosoft.com/templates/admin/smart/source/assets/css/theme/full/images/arrow-down.html]
[www.einfosoft.com/templates/admin/smart/source/assets/css/theme/boxed/images/arrow-down.html]
[www.einfosoft.com/templates/admin/smart/source/assets/css/theme/collapse/images/arrow-down.html]
[www.einfosoft.com/templates/admin/smart/source/assets/css/theme/hover/images/arrow-down.html]
[www.einfosoft.com/templates/admin/smart/source/assets/css/theme/right/images/arrow-down.html]
[www.einfosoft.com/templates/admin/smart/source/assets/plugins/owl-carousel/grabbing.html]
[www.einfosoft.com/templates/admin/smart/source/assets/plugins/owl-carousel/AjaxLoader.html]
[www.einfosoft.com/templates/admin/smart/source/light/index-2.html]
[www.einfosoft.com/templates/admin/smart/source/light/buttons.html]
[www.einfosoft.com/templates/admin/smart/source/light/ABCDEFGHIJKLMNOPQRSTUVWXYZabcdefghijklmnopqrstuvwxyz0123456789+/index.html]
[www.einfosoft.com/templates/admin/smart/source/light/xl/worksheets/sheet1.html]
[www.einfosoft.com/templates/admin/smart/source/light/xl/workbook.html]
[www.einfosoft.com/templates/admin/smart/source/light/xl/styles.html]
[www.einfosoft.com/templates/admin/smart/source/light/[Content_Types].html]
[www.einfosoft.com/templates/admin/smart/source/light/0v9/index.html]
[www.einfosoft.com/templates/admin/smart/source/light/Nv8/index.html]
[www.einfosoft.com/templates/admin/smart/source/light/DA7/index.html]
[www.einfosoft.com/templates/admin/smart/source/light/OB1/index.html]
[www.einfosoft.com/templates/admin/smart/source/light/7bL/index.html]
[www.einfosoft.com/templates/admin/smart/source/light/ND2/index.html]
[www.einfosoft.com/templates/admin/smart/source/light/qUC/index.html]
[www.einfosoft.com/templates/admin/smart/source/light/bn.html]
[www.einfosoft.com/templates/admin/smart/source/light/lib/thunk.html]
[www.einfosoft.com/templates/admin/smart/source/light/compile.html]
[www.einfosoft.com/templates/admin/smart/source/light/es5-ext/string/index.html]
[www.einfosoft.com/templates/admin/smart/source/light/es5-ext/array/index.html]
[www.einfosoft.com/templates/admin/smart/source/light/lib/text.html]
[www.einfosoft.com/templates/admin/smart/source/light/lib/lines.html]
[www.einfosoft.com/templates/admin/smart/source/light/lib/background.html]
[www.einfosoft.com/templates/admin/smart/source/light/lib/cube.html]
[www.einfosoft.com/templates/admin/smart/source/light/lib/ticks.html]
[www.einfosoft.com/templates/admin/smart/source/light/polytope-closest-point/lib/closest_point_2d.html]
[www.einfosoft.com/templates/admin/smart/source/light/camera.html]
[www.einfosoft.com/templates/admin/smart/source/light/do-bind.html]
[www.einfosoft.com/templates/admin/smart/source/light/lib/vao-native.html]
[www.einfosoft.com/templates/admin/smart/source/light/lib/vao-emulated.html]
[www.einfosoft.com/templates/admin/smart/source/light/doConvert.html]
[www.einfosoft.com/templates/admin/smart/source/light/lib/compile_sort.html]
[www.einfosoft.com/templates/admin/smart/source/light/^image_.html]
